---
source: src/ui.rs
expression: out
---
┌poly-tui──────────────────────────────────────────────────┐
│                       USDC: $100.00                      │
│                    Loading positions…                    │
└──────────────────────────────────────────────────────────┘
 BTC: --                                                    
 Trader  not started — run `poly-trader`                    
                                                            
                                                            
                                                            
                                                            
                                                            
● CLOB  ● Redis  ● Trader  ● BTC  refresh: 30s  last: failed
