---
source: src/ui.rs
expression: render_to_buffer(&s)
---
┌poly-tui──────────────────────────────────────────────────┐
│                       USDC: $173.69                      │
│                    Loading positions…                    │
└──────────────────────────────────────────────────────────┘
 BTC: --                                                    
 Trader  not started — run `poly-trader`                    
                                                            
                                                            
                                                            
                                                            
                                                            
● CLOB  ● Redis  ● Trader  ● Chainlink  refresh: 30s  last:
