---
source: src/ui.rs
expression: out
---
┌poly-tui──────────────────────────────────────────────────┐
│                         USDC: --                         │
│                                                          │
│                                                          │
│                                                          │
│                                                          │
│                                                          │
│                                                          │
│                                                          │
│                                                          │
└──────────────────────────────────────────────────────────┘
● CLOB  ● Redis   refresh: 30s  last: --    q quit  r refres
