---
source: src/ui.rs
expression: out
---
┌poly-tui──────────────────────────────────────────────────┐
│                      USDC: $1,234.56                     │
│                                                          │
│                                                          │
└──────────────────────────────────────────────────────────┘
 BTC: --                                                    
 Trader  not started — run `poly-trader`                    
                                                            
                                                            
                                                            
                                                            
● CLOB  ● Redis  ● Trader  refresh: 30s  last: 12s ago    q
